// Jest Snapshot v1, https://goo.gl/fbAQLP

exports[`Button Icon should render Button Icon correctly 1`] = `
<View
  accessible={true}
  isTVSelectable={true}
  onResponderGrant={[Function]}
  onResponderMove={[Function]}
  onResponderRelease={[Function]}
  onResponderTerminate={[Function]}
  onResponderTerminationRequest={[Function]}
  onStartShouldSetResponder={[Function]}
  style={
    Object {
      "alignItems": "center",
      "alignSelf": "flex-start",
      "backgroundColor": "transparent",
      "borderBottomWidth": null,
      "borderColor": "#007aff",
      "borderLeftWidth": null,
      "borderRadius": 5,
      "borderRightWidth": null,
      "borderTopWidth": null,
      "elevation": 0,
      "flexDirection": "row",
      "height": 45,
      "justifyContent": "space-between",
      "opacity": 1,
      "paddingBottom": 6,
      "paddingTop": 6,
      "shadowColor": null,
      "shadowOffset": null,
      "shadowOpacity": null,
      "shadowRadius": null,
    }
  }
>
  <View
    name="settings"
    style={
      Object {
        "color": undefined,
        "fontSize": undefined,
        "marginBottom": undefined,
        "marginLeft": undefined,
        "marginRight": undefined,
        "marginTop": undefined,
        "paddingTop": 0,
      }
    }
  />
</View>
`;
