// Jest Snapshot v1, https://goo.gl/fbAQLP

exports[`Asset renders the Asset Screen correctly 1`] = `
<View
  style={
    Array [
      Object {
        "backgroundColor": "#FAFAFA",
        "flexBasis": 0,
        "flexGrow": 1,
        "flexShrink": 1,
      },
    ]
  }
>
  <View
    style={
      Object {
        "backgroundColor": "#FAFAFA",
        "width": "100%",
      }
    }
  >
    <View
      style={
        Array [
          Object {
            "height": 58,
            "paddingHorizontal": 16,
            "paddingVertical": 10,
            "width": "100%",
          },
        ]
      }
    >
      <View
        style={
          Array [
            Object {
              "alignItems": "center",
              "flexDirection": "row",
              "justifyContent": "space-between",
              "width": "100%",
            },
          ]
        }
      >
        <View
          style={
            Array [
              Object {
                "alignItems": "center",
                "flexBasis": 0,
                "flexDirection": "row",
                "flexGrow": 1,
                "flexShrink": 1,
                "height": 36,
                "justifyContent": "flex-start",
              },
              Object {},
            ]
          }
        >
          <View
            accessible={true}
            focusable={true}
            onClick={[Function]}
            onResponderGrant={[Function]}
            onResponderMove={[Function]}
            onResponderRelease={[Function]}
            onResponderTerminate={[Function]}
            onResponderTerminationRequest={[Function]}
            onStartShouldSetResponder={[Function]}
            style={
              Object {
                "alignItems": "center",
                "backgroundColor": "#EBF0F6",
                "borderRadius": 36,
                "height": 36,
                "justifyContent": "center",
                "opacity": 1,
                "paddingBottom": 0,
                "paddingLeft": 0,
                "paddingRight": 0,
                "paddingTop": 0,
                "position": "relative",
                "width": 36,
              }
            }
          >
            <View
              name="back"
              style={
                Array [
                  Object {
                    "color": "#0A1427",
                    "fontSize": 18,
                    "marginBottom": undefined,
                    "marginLeft": undefined,
                    "marginRight": undefined,
                    "marginTop": undefined,
                    "paddingTop": 0,
                  },
                  Object {},
                ]
              }
            />
          </View>
        </View>
        <View
          style={
            Array [
              Object {
                "alignItems": "center",
                "flexBasis": 0,
                "flexDirection": "row",
                "flexGrow": 4,
                "flexShrink": 1,
                "height": 40,
                "justifyContent": "center",
                "paddingBottom": 0,
                "paddingLeft": 12,
                "paddingRight": 12,
                "paddingTop": 0,
              },
            ]
          }
        />
        <View
          style={
            Array [
              Object {
                "alignContent": "center",
                "alignItems": "center",
                "flexBasis": 0,
                "flexDirection": "row",
                "flexGrow": 1,
                "flexShrink": 1,
                "flexWrap": "wrap",
                "height": 36,
                "justifyContent": "flex-end",
              },
            ]
          }
        />
      </View>
    </View>
  </View>
  <View
    onLayout={[Function]}
    style={
      Array [
        Object {
          "flex": 1,
        },
        Object {
          "paddingBottom": 0,
        },
      ]
    }
  >
    <RCTScrollView
      contentContainerStyle={
        Array [
          Object {
            "flexGrow": 1,
          },
          Object {
            "paddingBottom": 120,
          },
        ]
      }
      contentInsetAdjustmentBehavior="automatic"
      keyboardShouldPersistTaps="handled"
      refreshControl={
        <RefreshControl
          onRefresh={[Function]}
          refreshing={false}
        />
      }
      scrollEventThrottle={0}
    >
      <RCTRefreshControl />
      <View>
        <View
          style={
            Array [
              Object {
                "height": 250,
                "justifyContent": "center",
                "width": "100%",
              },
            ]
          }
        >
          <View
            style={
              Array [
                Object {
                  "height": 220,
                  "width": "100%",
                },
              ]
            }
          >
            <View
              addShadow={false}
              borderRadius={54}
              diameter={108}
              elevation={6}
              isListed={true}
              left={375}
              shadowOpacity={0.15}
              style={
                Array [
                  Object {
                    "alignItems": "center",
                    "backgroundColor": "#FFFFFF",
                    "borderColor": "#FFFFFF",
                    "borderStyle": "solid",
                    "borderWidth": 2,
                    "elevation": 0,
                    "height": 108,
                    "justifyContent": "center",
                    "left": 375,
                    "position": "absolute",
                    "shadowColor": "#0A1427",
                    "shadowOffset": Object {
                      "height": 0,
                      "width": 0,
                    },
                    "shadowOpacity": 0,
                    "shadowRadius": 6,
                    "top": 125.5,
                    "width": 108,
                    "zIndex": 3,
                  },
                  Object {
                    "transform": Array [
                      Object {
                        "translateX": -54,
                      },
                      Object {
                        "translateY": -54,
                      },
                    ],
                  },
                ]
              }
              top={125.5}
              zIndex={3}
            >
              <CMIFColorMatrixImageFilter
                matrix={
                  Array [
                    1,
                    0,
                    0,
                    0,
                    0,
                    0,
                    1,
                    0,
                    0,
                    0,
                    0,
                    0,
                    1,
                    0,
                    0,
                    0,
                    0,
                    0,
                    1,
                    0,
                  ]
                }
                style={
                  Array [
                    Object {
                      "backgroundColor": "#fff0",
                    },
                    undefined,
                  ]
                }
              />
            </View>
            <View
              addShadow={false}
              borderRadius={35}
              diameter={70}
              elevation={0}
              isListed={true}
              left={266.2}
              shadowOpacity={0}
              style={
                Array [
                  Object {
                    "alignItems": "center",
                    "backgroundColor": "#FFFFFF",
                    "borderColor": "#FFFFFF",
                    "borderStyle": "solid",
                    "borderWidth": 2,
                    "elevation": 0,
                    "height": 70,
                    "justifyContent": "center",
                    "left": 266.2,
                    "position": "absolute",
                    "shadowColor": "#0A1427",
                    "shadowOffset": Object {
                      "height": 0,
                      "width": 0,
                    },
                    "shadowOpacity": 0,
                    "shadowRadius": 6,
                    "top": 65.5,
                    "width": 70,
                    "zIndex": 1,
                  },
                  Object {
                    "transform": Array [
                      Object {
                        "translateX": -35,
                      },
                      Object {
                        "translateY": -35,
                      },
                    ],
                  },
                ]
              }
              top={65.5}
              zIndex={1}
            >
              <CMIFColorMatrixImageFilter
                matrix={
                  Array [
                    0.6065,
                    0.3575,
                    0.036,
                    0,
                    0,
                    0.1065,
                    0.8574999999999999,
                    0.036,
                    0,
                    0,
                    0.1065,
                    0.3575,
                    0.536,
                    0,
                    0,
                    0,
                    0,
                    0,
                    1,
                    0,
                  ]
                }
                style={
                  Array [
                    Object {
                      "backgroundColor": "#fff0",
                    },
                    undefined,
                  ]
                }
              />
            </View>
            <View
              addShadow={false}
              borderRadius={45}
              diameter={90}
              elevation={4}
              isListed={true}
              left={310.33333333333337}
              shadowOpacity={0.05}
              style={
                Array [
                  Object {
                    "alignItems": "center",
                    "backgroundColor": "#FFFFFF",
                    "borderColor": "#FFFFFF",
                    "borderStyle": "solid",
                    "borderWidth": 2,
                    "elevation": 0,
                    "height": 90,
                    "justifyContent": "center",
                    "left": 310.33333333333337,
                    "position": "absolute",
                    "shadowColor": "#0A1427",
                    "shadowOffset": Object {
                      "height": 0,
                      "width": 0,
                    },
                    "shadowOpacity": 0,
                    "shadowRadius": 6,
                    "top": 104.5,
                    "width": 90,
                    "zIndex": 2,
                  },
                  Object {
                    "transform": Array [
                      Object {
                        "translateX": -45,
                      },
                      Object {
                        "translateY": -45,
                      },
                    ],
                  },
                ]
              }
              top={104.5}
              zIndex={2}
            >
              <CMIFColorMatrixImageFilter
                matrix={
                  Array [
                    0.7638999999999999,
                    0.21450000000000002,
                    0.0216,
                    0,
                    0,
                    0.06390000000000001,
                    0.9145,
                    0.0216,
                    0,
                    0,
                    0.06390000000000001,
                    0.21450000000000002,
                    0.7215999999999999,
                    0,
                    0,
                    0,
                    0,
                    0,
                    1,
                    0,
                  ]
                }
                style={
                  Array [
                    Object {
                      "backgroundColor": "#fff0",
                    },
                    undefined,
                  ]
                }
              />
            </View>
            <View
              addShadow={false}
              borderRadius={45}
              diameter={90}
              elevation={4}
              isListed={true}
              left={439.66666666666663}
              shadowOpacity={0.05}
              style={
                Array [
                  Object {
                    "alignItems": "center",
                    "backgroundColor": "#FFFFFF",
                    "borderColor": "#FFFFFF",
                    "borderStyle": "solid",
                    "borderWidth": 2,
                    "elevation": 0,
                    "height": 90,
                    "justifyContent": "center",
                    "left": 439.66666666666663,
                    "position": "absolute",
                    "shadowColor": "#0A1427",
                    "shadowOffset": Object {
                      "height": 0,
                      "width": 0,
                    },
                    "shadowOpacity": 0,
                    "shadowRadius": 6,
                    "top": 104.5,
                    "width": 90,
                    "zIndex": 2,
                  },
                  Object {
                    "transform": Array [
                      Object {
                        "translateX": -45,
                      },
                      Object {
                        "translateY": -45,
                      },
                    ],
                  },
                ]
              }
              top={104.5}
              zIndex={2}
            >
              <CMIFColorMatrixImageFilter
                matrix={
                  Array [
                    0.7638999999999999,
                    0.21450000000000002,
                    0.0216,
                    0,
                    0,
                    0.06390000000000001,
                    0.9145,
                    0.0216,
                    0,
                    0,
                    0.06390000000000001,
                    0.21450000000000002,
                    0.7215999999999999,
                    0,
                    0,
                    0,
                    0,
                    0,
                    1,
                    0,
                  ]
                }
                style={
                  Array [
                    Object {
                      "backgroundColor": "#fff0",
                    },
                    undefined,
                  ]
                }
              />
            </View>
            <View
              addShadow={false}
              borderRadius={35}
              diameter={70}
              elevation={0}
              isListed={true}
              left={483.8}
              shadowOpacity={0}
              style={
                Array [
                  Object {
                    "alignItems": "center",
                    "backgroundColor": "#FFFFFF",
                    "borderColor": "#FFFFFF",
                    "borderStyle": "solid",
                    "borderWidth": 2,
                    "elevation": 0,
                    "height": 70,
                    "justifyContent": "center",
                    "left": 483.8,
                    "position": "absolute",
                    "shadowColor": "#0A1427",
                    "shadowOffset": Object {
                      "height": 0,
                      "width": 0,
                    },
                    "shadowOpacity": 0,
                    "shadowRadius": 6,
                    "top": 65.5,
                    "width": 70,
                    "zIndex": 1,
                  },
                  Object {
                    "transform": Array [
                      Object {
                        "translateX": -35,
                      },
                      Object {
                        "translateY": -35,
                      },
                    ],
                  },
                ]
              }
              top={65.5}
              zIndex={1}
            >
              <CMIFColorMatrixImageFilter
                matrix={
                  Array [
                    0.6065,
                    0.3575,
                    0.036,
                    0,
                    0,
                    0.1065,
                    0.8574999999999999,
                    0.036,
                    0,
                    0,
                    0.1065,
                    0.3575,
                    0.536,
                    0,
                    0,
                    0,
                    0,
                    0,
                    1,
                    0,
                  ]
                }
                style={
                  Array [
                    Object {
                      "backgroundColor": "#fff0",
                    },
                    undefined,
                  ]
                }
              />
            </View>
          </View>
        </View>
        <View
          style={
            Array [
              Object {
                "alignItems": "center",
                "justifyContent": "center",
                "marginBottom": 20,
                "marginLeft": 20,
                "marginRight": 20,
                "marginTop": 0,
                "paddingBottom": 8,
              },
            ]
          }
        >
          <View
            style={
              Array [
                Object {
                  "alignItems": "center",
                  "flexDirection": "row",
                  "justifyContent": "center",
                },
              ]
            }
          >
            <Text
              style={
                Array [
                  Object {
                    "color": "#0A1427",
                    "fontFamily": "EuclidCircularB-Medium",
                    "fontSize": 36,
                    "lineHeight": 54,
                    "textAlign": "center",
                    "textAlignVertical": "center",
                  },
                ]
              }
            >
              tokenValue
            </Text>
          </View>
          <View
            style={
              Array [
                Object {
                  "flexDirection": "row",
                },
              ]
            }
          >
            <Text
              style={
                Array [
                  Object {
                    "color": "#0A1427",
                    "fontFamily": "EuclidCircularB-Regular",
                    "fontSize": 12,
                    "lineHeight": 18,
                    "textAlign": "center",
                    "textAlignVertical": "center",
                  },
                ]
              }
            >
              £0
            </Text>
          </View>
        </View>
      </View>
    </RCTScrollView>
  </View>
  <View
    style={
      Array [
        Object {
          "alignItems": "center",
          "backgroundColor": "#FFFFFF",
          "borderRadius": 20,
          "elevation": 6,
          "flexDirection": "row",
          "paddingHorizontal": 10,
          "shadowColor": "#000",
          "shadowOffset": Object {
            "height": 8,
            "width": 0,
          },
          "shadowOpacity": 0.05,
          "shadowRadius": 16,
        },
      ]
    }
  >
    <View
      accessible={true}
      focusable={true}
      onClick={[Function]}
      onResponderGrant={[Function]}
      onResponderMove={[Function]}
      onResponderRelease={[Function]}
      onResponderTerminate={[Function]}
      onResponderTerminationRequest={[Function]}
      onStartShouldSetResponder={[Function]}
      style={
        Object {
          "alignItems": "center",
          "opacity": 1,
          "paddingBottom": 12,
          "paddingHorizontal": 4,
          "paddingTop": 16,
        }
      }
      testID="FloatingButtonItem"
    >
      <View
        style={
          Array [
            Object {
              "alignItems": "center",
              "flexBasis": 0,
              "flexGrow": 1,
              "flexShrink": 1,
              "justifyContent": "center",
              "marginHorizontal": 24,
            },
          ]
        }
      />
      <Text
        style={
          Array [
            Object {
              "fontFamily": "EuclidCircularB-Regular",
              "textAlignVertical": "center",
            },
            Object {
              "color": "#0A1427",
            },
            Object {
              "fontSize": 14,
              "lineHeight": 22,
            },
            false,
            Array [
              Object {
                "marginTop": 6,
                "textAlign": "center",
              },
            ],
          ]
        }
      >
        button.swap
      </Text>
    </View>
    <View
      accessible={true}
      focusable={true}
      onClick={[Function]}
      onResponderGrant={[Function]}
      onResponderMove={[Function]}
      onResponderRelease={[Function]}
      onResponderTerminate={[Function]}
      onResponderTerminationRequest={[Function]}
      onStartShouldSetResponder={[Function]}
      style={
        Object {
          "alignItems": "center",
          "opacity": 1,
          "paddingBottom": 12,
          "paddingHorizontal": 4,
          "paddingTop": 16,
        }
      }
      testID="FloatingButtonItem"
    >
      <View
        style={
          Array [
            Object {
              "alignItems": "center",
              "flexBasis": 0,
              "flexGrow": 1,
              "flexShrink": 1,
              "justifyContent": "center",
              "marginHorizontal": 24,
            },
          ]
        }
      />
      <Text
        style={
          Array [
            Object {
              "fontFamily": "EuclidCircularB-Regular",
              "textAlignVertical": "center",
            },
            Object {
              "color": "#0A1427",
            },
            Object {
              "fontSize": 14,
              "lineHeight": 22,
            },
            false,
            Array [
              Object {
                "marginTop": 6,
                "textAlign": "center",
              },
            ],
          ]
        }
      >
        button.send
      </Text>
    </View>
  </View>
</View>
`;
