// Jest Snapshot v1, https://goo.gl/fbAQLP

exports[`Slide Modal should render SlideModal correctly 1`] = `
<View
  style={
    Object {
      "alignItems": "stretch",
      "bottom": 0,
      "height": "100%",
      "justifyContent": "flex-start",
      "position": "absolute",
      "width": "100%",
    }
  }
>
  <View
    collapsable={undefined}
    style={
      Object {
        "backgroundColor": "black",
        "height": "100%",
        "opacity": 0,
        "zIndex": 0,
      }
    }
  />
  <View
    style={
      Object {
        "alignItems": "stretch",
        "height": "100%",
        "position": "absolute",
        "width": "100%",
      }
    }
  >
    <RCTScrollView
      contentContainerStyle={
        Object {
          "height": 20,
          "marginTop": 150,
          "overflow": "visible",
        }
      }
      onScroll={[Function]}
      scrollEventThrottle={200}
      showsVerticalScrollIndicator={false}
    >
      <View>
        <View
          collapsable={undefined}
          style={
            Object {
              "backgroundColor": "white",
              "borderTopLeftRadius": 20,
              "borderTopRightRadius": 20,
              "height": 2368,
              "marginTop": 1334,
              "padding": 20,
              "shadowColor": "#000",
              "shadowOffset": Object {
                "height": 2,
                "width": 0,
              },
              "shadowOpacity": 0.5,
              "shadowRadius": 10,
            }
          }
        >
          <View
            style={
              Object {
                "alignItems": "center",
                "flexDirection": "row",
                "height": 30,
                "justifyContent": "space-between",
                "width": "100%",
              }
            }
          >
            <View
              style={
                Array [
                  Object {
                    "flexDirection": "row",
                    "justifyContent": "flex-start",
                    "marginBottom": 20,
                    "marginLeft": 0,
                    "marginRight": 0,
                    "marginTop": 20,
                  },
                  undefined,
                ]
              }
              title="title"
            >
              <Text
                accessible={true}
                allowFontScaling={true}
                ellipsizeMode="tail"
                style={
                  Array [
                    Object {
                      "fontSize": 24,
                      "fontWeight": "700",
                    },
                    undefined,
                  ]
                }
              >
                title
              </Text>
              <View
                style={
                  Array [
                    Object {
                      "backgroundColor": "#25A8E5",
                      "height": 4,
                      "marginLeft": 1,
                      "marginTop": 20,
                      "width": 4,
                    },
                    undefined,
                  ]
                }
              />
            </View>
            <View
              accessibilityComponentType={undefined}
              accessibilityLabel={undefined}
              accessibilityTraits={undefined}
              accessible={true}
              collapsable={undefined}
              hasTVPreferredFocus={undefined}
              hitSlop={undefined}
              isTVSelectable={true}
              nativeID={undefined}
              onLayout={undefined}
              onResponderGrant={[Function]}
              onResponderMove={[Function]}
              onResponderRelease={[Function]}
              onResponderTerminate={[Function]}
              onResponderTerminationRequest={[Function]}
              onStartShouldSetResponder={[Function]}
              style={
                Object {
                  "alignItems": "center",
                  "alignSelf": "flex-start",
                  "backgroundColor": "transparent",
                  "borderBottomWidth": null,
                  "borderColor": "#007aff",
                  "borderLeftWidth": null,
                  "borderRadius": 5,
                  "borderRightWidth": null,
                  "borderTopWidth": null,
                  "elevation": 0,
                  "flexDirection": "row",
                  "height": 45,
                  "justifyContent": "space-between",
                  "opacity": 1,
                  "paddingBottom": 6,
                  "paddingTop": 6,
                  "position": "relative",
                  "shadowColor": null,
                  "shadowOffset": null,
                  "shadowOpacity": null,
                  "shadowRadius": null,
                  "top": -10,
                }
              }
              testID={undefined}
              tvParallaxProperties={undefined}
            >
              <Text
                accessible={true}
                active={false}
                allowFontScaling={false}
                ellipsizeMode="tail"
                style={
                  Array [
                    Object {
                      "color": undefined,
                      "fontSize": 12,
                    },
                    Array [
                      Object {
                        "color": "#000",
                        "fontSize": 30,
                      },
                      Object {
                        "color": "#007aff",
                        "fontSize": 24,
                        "marginLeft": 16,
                        "marginRight": 16,
                        "paddingTop": 2,
                      },
                      Object {
                        "color": undefined,
                        "fontSize": 36,
                      },
                    ],
                    Object {
                      "fontFamily": "Ionicons",
                      "fontStyle": "normal",
                      "fontWeight": "normal",
                    },
                  ]
                }
                virtual={undefined}
              >
                
              </Text>
            </View>
          </View>
          <View
            style={
              Object {
                "alignItems": "center",
                "flex": 1,
                "height": 1334,
                "justifyContent": "space-around",
                "paddingBottom": 180,
              }
            }
          />
          <View
            style={
              Object {
                "backgroundColor": "#FFFFFF",
                "flex": 1,
                "height": 1334,
                "width": "100%",
              }
            }
          />
        </View>
      </View>
    </RCTScrollView>
  </View>
</View>
`;
